{"ts":1770703697.3670778,"ts_local":"14:08:17.367","level":"INFO","dir":"SYS","msg":"Connected to Serial Port: /dev/cu.usbmodem1402 @ 420000","data_len":0,"data_hex":""}
{"ts":1770703697.3671942,"ts_local":"14:08:17.367","level":"INFO","dir":"SYS","msg":"TCP Server listening on 0.0.0.0:5761","data_len":0,"data_hex":""}
{"ts":1770703700.118471,"ts_local":"14:08:20.118","level":"INFO","dir":"TCP","msg":"Client connected: ('127.0.0.1', 60650)","data_len":0,"data_hex":""}
{"ts":1770703700.1310961,"ts_local":"14:08:20.131","level":"INFO","dir":"TCP->SER","msg":"Received 9 bytes from TCP | MSP v2 dir=REQ cmd=MSP_API_VERSION(0x0001) len=0 flags=0x00 ck=OK","data_len":9,"data_hex":"24583C000100000045"}
{"ts":1770703700.13126,"ts_local":"14:08:20.131","level":"INFO","dir":"GEN","msg":"Built CRSF frame | MSP v2 dir=REQ cmd=MSP_API_VERSION(0x0001) len=0 flags=0x00 ck=OK","data_len":12,"data_hex":"C80A7AC8EC500001000000FA"}
{"ts":1770703700.135075,"ts_local":"14:08:20.135","level":"INFO","dir":"SER->TCP","msg":"CRSF frame | CRSF type=MSP_RESP addr=FC(0xC8) len=13 pl=11 crc=OK","data_len":15,"data_hex":"C80D7BECC85200010003000002052C"}
{"ts":1770703700.135152,"ts_local":"14:08:20.135","level":"INFO","dir":"SER->TCP","msg":"Sent MSP frame (12 bytes) | MSP v2 dir=RESP cmd=MSP_API_VERSION(0x0001) len=3 flags=0x00 ck=OK","data_len":12,"data_hex":"24583E0001000300000205A6"}
{"ts":1770703700.1390212,"ts_local":"14:08:20.139","level":"INFO","dir":"TCP->SER","msg":"Received 9 bytes from TCP | MSP v2 dir=REQ cmd=MSP_FC_VARIANT(0x0002) len=0 flags=0x00 ck=OK","data_len":9,"data_hex":"24583C00020000008A"}
{"ts":1770703700.139086,"ts_local":"14:08:20.139","level":"INFO","dir":"GEN","msg":"Built CRSF frame | MSP v2 dir=REQ cmd=MSP_FC_VARIANT(0x0002) len=0 flags=0x00 ck=OK","data_len":12,"data_hex":"C80A7AC8EC510002000000AD"}
{"ts":1770703700.1430972,"ts_local":"14:08:20.143","level":"INFO","dir":"SER->TCP","msg":"CRSF frame | CRSF type=MSP_RESP addr=FC(0xC8) len=14 pl=12 crc=OK","data_len":16,"data_hex":"C80E7BECC8530002000400494E41568F"}
{"ts":1770703700.143142,"ts_local":"14:08:20.143","level":"INFO","dir":"SER->TCP","msg":"Sent MSP frame (13 bytes) | MSP v2 dir=RESP cmd=MSP_FC_VARIANT(0x0002) len=4 flags=0x00 ck=OK","data_len":13,"data_hex":"24583E0002000400494E415694"}
{"ts":1770703700.149079,"ts_local":"14:08:20.149","level":"INFO","dir":"TCP->SER","msg":"Received 9 bytes from TCP | MSP v2 dir=REQ cmd=MSP_FC_VERSION(0x0003) len=0 flags=0x00 ck=OK","data_len":9,"data_hex":"24583C0003000000CF"}
{"ts":1770703700.1491368,"ts_local":"14:08:20.149","level":"INFO","dir":"GEN","msg":"Built CRSF frame | MSP v2 dir=REQ cmd=MSP_FC_VERSION(0x0003) len=0 flags=0x00 ck=OK","data_len":12,"data_hex":"C80A7AC8EC52000300000095"}
{"ts":1770703700.153066,"ts_local":"14:08:20.153","level":"INFO","dir":"SER->TCP","msg":"CRSF frame | CRSF type=MSP_RESP addr=FC(0xC8) len=13 pl=11 crc=OK","data_len":15,"data_hex":"C80D7BECC85400030003000900003B"}
{"ts":1770703700.153132,"ts_local":"14:08:20.153","level":"INFO","dir":"SER->TCP","msg":"Sent MSP frame (12 bytes) | MSP v2 dir=RESP cmd=MSP_FC_VERSION(0x0003) len=3 flags=0x00 ck=OK","data_len":12,"data_hex":"24583E000300030009000003"}
{"ts":1770703700.1586182,"ts_local":"14:08:20.158","level":"INFO","dir":"TCP->SER","msg":"Received 9 bytes from TCP | MSP v2 dir=REQ cmd=MSP_NAME(0x000A) len=0 flags=0x00 ck=OK","data_len":9,"data_hex":"24583C000A000000DD"}
{"ts":1770703700.158734,"ts_local":"14:08:20.158","level":"INFO","dir":"GEN","msg":"Built CRSF frame | MSP v2 dir=REQ cmd=MSP_NAME(0x000A) len=0 flags=0x00 ck=OK","data_len":12,"data_hex":"C80A7AC8EC53000A0000001F"}
{"ts":1770703700.163082,"ts_local":"14:08:20.163","level":"INFO","dir":"SER->TCP","msg":"CRSF frame | CRSF type=MSP_RESP addr=FC(0xC8) len=10 pl=8 crc=OK","data_len":12,"data_hex":"C80A7BECC855000A000000C0"}
{"ts":1770703700.1631382,"ts_local":"14:08:20.163","level":"INFO","dir":"SER->TCP","msg":"Sent MSP frame (9 bytes) | MSP v2 dir=RESP cmd=MSP_NAME(0x000A) len=0 flags=0x00 ck=OK","data_len":9,"data_hex":"24583E000A000000DD"}
{"ts":1770703700.169894,"ts_local":"14:08:20.169","level":"INFO","dir":"TCP->SER","msg":"Received 9 bytes from TCP | MSP v2 dir=REQ cmd=MSP_BUILD_INFO(0x0005) len=0 flags=0x00 ck=OK","data_len":9,"data_hex":"24583C000500000084"}
{"ts":1770703700.169982,"ts_local":"14:08:20.169","level":"INFO","dir":"GEN","msg":"Built CRSF frame | MSP v2 dir=REQ cmd=MSP_BUILD_INFO(0x0005) len=0 flags=0x00 ck=OK","data_len":12,"data_hex":"C80A7AC8EC54000500000024"}
{"ts":1770703700.176013,"ts_local":"14:08:20.176","level":"INFO","dir":"SER->TCP","msg":"CRSF frame | CRSF type=MSP_RESP addr=FC(0xC8) len=37 pl=35 crc=OK","data_len":39,"data_hex":"C8257BECC8560005001B00466562202039203230323631363A31303A35313430313932653463F6"}
{"ts":1770703700.176117,"ts_local":"14:08:20.176","level":"INFO","dir":"SER->TCP","msg":"Sent MSP frame (36 bytes) | MSP v2 dir=RESP cmd=MSP_BUILD_INFO(0x0005) len=27 flags=0x00 ck=OK","data_len":36,"data_hex":"24583E0005001B00466562202039203230323631363A31303A353134303139326534630F"}
{"ts":1770703700.179282,"ts_local":"14:08:20.179","level":"INFO","dir":"TCP->SER","msg":"Received 9 bytes from TCP | MSP v2 dir=REQ cmd=MSP_BOARD_INFO(0x0004) len=0 flags=0x00 ck=OK","data_len":9,"data_hex":"24583C0004000000C1"}
{"ts":1770703700.179337,"ts_local":"14:08:20.179","level":"INFO","dir":"GEN","msg":"Built CRSF frame | MSP v2 dir=REQ cmd=MSP_BOARD_INFO(0x0004) len=0 flags=0x00 ck=OK","data_len":12,"data_hex":"C80A7AC8EC550004000000F9"}
{"ts":1770703700.1840599,"ts_local":"14:08:20.184","level":"INFO","dir":"SER->TCP","msg":"CRSF frame | CRSF type=MSP_RESP addr=FC(0xC8) len=36 pl=34 crc=OK","data_len":38,"data_hex":"C8247BECC8570004001A0048424C46000002001148554D504241434B5F4C4947485446494E93"}
{"ts":1770703700.184118,"ts_local":"14:08:20.184","level":"INFO","dir":"SER->TCP","msg":"Sent MSP frame (35 bytes) | MSP v2 dir=RESP cmd=MSP_BOARD_INFO(0x0004) len=26 flags=0x00 ck=OK","data_len":35,"data_hex":"24583E0004001A0048424C46000002001148554D504241434B5F4C4947485446494EFE"}
{"ts":1770703700.1884742,"ts_local":"14:08:20.188","level":"INFO","dir":"TCP->SER","msg":"Received 9 bytes from TCP | MSP v2 dir=REQ cmd=MSP_UID(0x00A0) len=0 flags=0x00 ck=OK","data_len":9,"data_hex":"24583C00A0000000D2"}
{"ts":1770703700.188559,"ts_local":"14:08:20.188","level":"INFO","dir":"GEN","msg":"Built CRSF frame | MSP v2 dir=REQ cmd=MSP_UID(0x00A0) len=0 flags=0x00 ck=OK","data_len":12,"data_hex":"C80A7AC8EC5600A000000097"}
{"ts":1770703700.1930938,"ts_local":"14:08:20.193","level":"INFO","dir":"SER->TCP","msg":"CRSF frame | CRSF type=MSP_RESP addr=FC(0xC8) len=22 pl=20 crc=OK","data_len":24,"data_hex":"C8167BECC85800A0000C00062B991000C0D50D0117D10DAF"}
{"ts":1770703700.193158,"ts_local":"14:08:20.193","level":"INFO","dir":"SER->TCP","msg":"Sent MSP frame (21 bytes) | MSP v2 dir=RESP cmd=MSP_UID(0x00A0) len=12 flags=0x00 ck=OK","data_len":21,"data_hex":"24583E00A0000C00062B991000C0D50D0117D10DA4"}
{"ts":1770703700.211393,"ts_local":"14:08:20.211","level":"INFO","dir":"TCP->SER","msg":"Received 9 bytes from TCP | MSP v2 dir=REQ cmd=MSP_BOXIDS(0x0077) len=0 flags=0x00 ck=OK","data_len":9,"data_hex":"24583C0077000000EE"}
{"ts":1770703700.211479,"ts_local":"14:08:20.211","level":"INFO","dir":"GEN","msg":"Built CRSF frame | MSP v2 dir=REQ cmd=MSP_BOXIDS(0x0077) len=0 flags=0x00 ck=OK","data_len":12,"data_hex":"C80A7AC8EC57007700000033"}
{"ts":1770703700.216044,"ts_local":"14:08:20.216","level":"INFO","dir":"SER->TCP","msg":"CRSF frame | CRSF type=MSP_RESP addr=FC(0xC8) len=41 pl=39 crc=OK","data_len":43,"data_hex":"C8297BECC8590077001F0000333D0102230508030C24251536400D3C131B2728292A2B2C323E3F414243B3"}
{"ts":1770703700.216214,"ts_local":"14:08:20.216","level":"INFO","dir":"SER->TCP","msg":"Sent MSP frame (40 bytes) | MSP v2 dir=RESP cmd=MSP_BOXIDS(0x0077) len=31 flags=0x00 ck=OK","data_len":40,"data_hex":"24583E0077001F0000333D0102230508030C24251536400D3C131B2728292A2B2C323E3F414243C8"}
{"ts":1770703700.2185879,"ts_local":"14:08:20.218","level":"INFO","dir":"TCP->SER","msg":"Received 9 bytes from TCP | MSP v2 dir=REQ cmd=MSP_DATAFLASH_SUMMARY(0x0046) len=0 flags=0x00 ck=OK","data_len":9,"data_hex":"24583C00460000008C"}
{"ts":1770703700.2188952,"ts_local":"14:08:20.218","level":"INFO","dir":"GEN","msg":"Built CRSF frame | MSP v2 dir=REQ cmd=MSP_DATAFLASH_SUMMARY(0x0046) len=0 flags=0x00 ck=OK","data_len":12,"data_hex":"C80A7AC8EC5800460000000D"}
{"ts":1770703700.223069,"ts_local":"14:08:20.223","level":"INFO","dir":"SER->TCP","msg":"CRSF frame | CRSF type=MSP_RESP addr=FC(0xC8) len=23 pl=21 crc=OK","data_len":25,"data_hex":"C8177BECC85A0046000D00000000000000000000000000009A"}
{"ts":1770703700.2231941,"ts_local":"14:08:20.223","level":"INFO","dir":"SER->TCP","msg":"Sent MSP frame (22 bytes) | MSP v2 dir=RESP cmd=MSP_DATAFLASH_SUMMARY(0x0046) len=13 flags=0x00 ck=OK","data_len":22,"data_hex":"24583E0046000D0000000000000000000000000000A5"}
{"ts":1770703700.228988,"ts_local":"14:08:20.228","level":"INFO","dir":"TCP->SER","msg":"Received 9 bytes from TCP | MSP v2 dir=REQ cmd=MSP2_INAV_MIXER(0x2010) len=0 flags=0x00 ck=OK","data_len":9,"data_hex":"24583C00102000009C"}
{"ts":1770703700.2291148,"ts_local":"14:08:20.229","level":"INFO","dir":"GEN","msg":"Built CRSF frame | MSP v2 dir=REQ cmd=MSP2_INAV_MIXER(0x2010) len=0 flags=0x00 ck=OK","data_len":12,"data_hex":"C80A7AC8EC59001020000085"}
{"ts":1770703700.233048,"ts_local":"14:08:20.233","level":"INFO","dir":"SER->TCP","msg":"CRSF frame | CRSF type=MSP_RESP addr=FC(0xC8) len=19 pl=17 crc=OK","data_len":21,"data_hex":"C8137BECC85B0010200900000001010008000C126A"}
{"ts":1770703700.233112,"ts_local":"14:08:20.233","level":"INFO","dir":"SER->TCP","msg":"Sent MSP frame (18 bytes) | MSP v2 dir=RESP cmd=MSP2_INAV_MIXER(0x2010) len=9 flags=0x00 ck=OK","data_len":18,"data_hex":"24583E0010200900000001010008000C1279"}
{"ts":1770703700.238862,"ts_local":"14:08:20.238","level":"INFO","dir":"TCP->SER","msg":"Received 12 bytes from TCP | MSP v2 dir=REQ cmd=MSP2_COMMON_SETTING(0x1003) len=3 flags=0x00 ck=OK","data_len":12,"data_hex":"24583C000310030000D300A3"}
{"ts":1770703700.2389739,"ts_local":"14:08:20.238","level":"INFO","dir":"GEN","msg":"Built CRSF frame | MSP v2 dir=REQ cmd=MSP2_COMMON_SETTING(0x1003) len=3 flags=0x00 ck=OK","data_len":15,"data_hex":"C80D7AC8EC5A000310030000D30086"}
{"ts":1770703700.243032,"ts_local":"14:08:20.243","level":"INFO","dir":"SER->TCP","msg":"CRSF frame | CRSF type=MSP_RESP addr=FC(0xC8) len=11 pl=9 crc=OK","data_len":13,"data_hex":"C80B7BECC85C00031001000446"}
{"ts":1770703700.243073,"ts_local":"14:08:20.243","level":"INFO","dir":"SER->TCP","msg":"Sent MSP frame (10 bytes) | MSP v2 dir=RESP cmd=MSP2_COMMON_SETTING(0x1003) len=1 flags=0x00 ck=OK","data_len":10,"data_hex":"24583E000310010004DC"}
{"ts":1770703700.2485209,"ts_local":"14:08:20.248","level":"INFO","dir":"TCP->SER","msg":"Received 9 bytes from TCP | MSP v2 dir=REQ cmd=MSP_FEATURE(0x0024) len=0 flags=0x00 ck=OK","data_len":9,"data_hex":"24583C002400000048"}
{"ts":1770703700.248565,"ts_local":"14:08:20.248","level":"INFO","dir":"GEN","msg":"Built CRSF frame | MSP v2 dir=REQ cmd=MSP_FEATURE(0x0024) len=0 flags=0x00 ck=OK","data_len":12,"data_hex":"C80A7AC8EC5B0024000000B4"}
{"ts":1770703700.253063,"ts_local":"14:08:20.253","level":"INFO","dir":"SER->TCP","msg":"CRSF frame | CRSF type=MSP_RESP addr=FC(0xC8) len=14 pl=12 crc=OK","data_len":16,"data_hex":"C80E7BECC85D00240004000404401096"}
{"ts":1770703700.2531579,"ts_local":"14:08:20.253","level":"INFO","dir":"SER->TCP","msg":"Sent MSP frame (13 bytes) | MSP v2 dir=RESP cmd=MSP_FEATURE(0x0024) len=4 flags=0x00 ck=OK","data_len":13,"data_hex":"24583E002400040004044010D0"}
{"ts":1770703700.259318,"ts_local":"14:08:20.259","level":"INFO","dir":"TCP->SER","msg":"Received 9 bytes from TCP | MSP v2 dir=REQ cmd=MSP2_INAV_MIXER(0x2010) len=0 flags=0x00 ck=OK","data_len":9,"data_hex":"24583C00102000009C"}
{"ts":1770703700.259376,"ts_local":"14:08:20.259","level":"INFO","dir":"GEN","msg":"Built CRSF frame | MSP v2 dir=REQ cmd=MSP2_INAV_MIXER(0x2010) len=0 flags=0x00 ck=OK","data_len":12,"data_hex":"C80A7AC8EC5C001020000002"}
{"ts":1770703700.263077,"ts_local":"14:08:20.263","level":"INFO","dir":"SER->TCP","msg":"CRSF frame | CRSF type=MSP_RESP addr=FC(0xC8) len=19 pl=17 crc=OK","data_len":21,"data_hex":"C8137BECC85E0010200900000001010008000C12BE"}
{"ts":1770703700.2631512,"ts_local":"14:08:20.263","level":"INFO","dir":"SER->TCP","msg":"Sent MSP frame (18 bytes) | MSP v2 dir=RESP cmd=MSP2_INAV_MIXER(0x2010) len=9 flags=0x00 ck=OK","data_len":18,"data_hex":"24583E0010200900000001010008000C1279"}
{"ts":1770703700.2682161,"ts_local":"14:08:20.268","level":"INFO","dir":"TCP->SER","msg":"Received 9 bytes from TCP | MSP v2 dir=REQ cmd=MSP2_INAV_MISC(0x2003) len=0 flags=0x00 ck=OK","data_len":9,"data_hex":"24583C0003200000FD"}
{"ts":1770703700.268262,"ts_local":"14:08:20.268","level":"INFO","dir":"GEN","msg":"Built CRSF frame | MSP v2 dir=REQ cmd=MSP2_INAV_MISC(0x2003) len=0 flags=0x00 ck=OK","data_len":12,"data_hex":"C80A7AC8EC5D0003200000FB"}
{"ts":1770703700.274071,"ts_local":"14:08:20.274","level":"INFO","dir":"SER->TCP","msg":"CRSF frame | CRSF type=MSP_RESP addr=FC(0xC8) len=51 pl=49 crc=OK","data_len":53,"data_hex":"C8337BECC85F0003202900DC050000D007E803E8030000060000004C040000A9014A01A4015E01000000000000000000000000009F"}
{"ts":1770703700.274199,"ts_local":"14:08:20.274","level":"INFO","dir":"SER->TCP","msg":"Sent MSP frame (50 bytes) | MSP v2 dir=RESP cmd=MSP2_INAV_MISC(0x2003) len=41 flags=0x00 ck=OK","data_len":50,"data_hex":"24583E0003202900DC050000D007E803E8030000060000004C040000A9014A01A4015E010000000000000000000000000060"}
{"ts":1770703700.278733,"ts_local":"14:08:20.278","level":"INFO","dir":"TCP->SER","msg":"Received 9 bytes from TCP | MSP v2 dir=REQ cmd=MSP2_COMMON_SERIAL_CONFIG(0x1009) len=0 flags=0x00 ck=OK","data_len":9,"data_hex":"24583C00091000000B"}
{"ts":1770703700.278778,"ts_local":"14:08:20.278","level":"INFO","dir":"GEN","msg":"Built CRSF frame | MSP v2 dir=REQ cmd=MSP2_COMMON_SERIAL_CONFIG(0x1009) len=0 flags=0x00 ck=OK","data_len":12,"data_hex":"C80A7AC8EC5E000910000070"}
{"ts":1770703700.284101,"ts_local":"14:08:20.284","level":"INFO","dir":"SER->TCP","msg":"CRSF frame | CRSF type=MSP_RESP addr=FC(0xC8) len=37 pl=35 crc=OK","data_len":39,"data_hex":"C8257BECC8500009101B0000010000000808000804400000000808000806400000000808000800"}
{"ts":1770703700.2841809,"ts_local":"14:08:20.284","level":"INFO","dir":"SER->TCP","msg":"Sent MSP frame (36 bytes) | MSP v2 dir=RESP cmd=MSP2_COMMON_SERIAL_CONFIG(0x1009) len=27 flags=0x00 ck=OK","data_len":36,"data_hex":"24583E0009101B000001000000080800080440000000080800080640000000080800080A"}
{"ts":1770703700.5884311,"ts_local":"14:08:20.588","level":"INFO","dir":"TCP->SER","msg":"Received 9 bytes from TCP | MSP v2 dir=REQ cmd=MSP_FEATURE(0x0024) len=0 flags=0x00 ck=OK","data_len":9,"data_hex":"24583C002400000048"}
{"ts":1770703700.588543,"ts_local":"14:08:20.588","level":"INFO","dir":"GEN","msg":"Built CRSF frame | MSP v2 dir=REQ cmd=MSP_FEATURE(0x0024) len=0 flags=0x00 ck=OK","data_len":12,"data_hex":"C80A7AC8EC57002400000095"}
{"ts":1770703700.593018,"ts_local":"14:08:20.593","level":"INFO","dir":"SER->TCP","msg":"CRSF frame | CRSF type=MSP_RESP addr=FC(0xC8) len=14 pl=12 crc=OK","data_len":16,"data_hex":"C80E7BECC85900240004000404401061"}
{"ts":1770703700.593081,"ts_local":"14:08:20.593","level":"INFO","dir":"SER->TCP","msg":"Sent MSP frame (13 bytes) | MSP v2 dir=RESP cmd=MSP_FEATURE(0x0024) len=4 flags=0x00 ck=OK","data_len":13,"data_hex":"24583E002400040004044010D0"}
{"ts":1770703700.5991192,"ts_local":"14:08:20.599","level":"INFO","dir":"TCP->SER","msg":"Received 9 bytes from TCP | MSP v2 dir=REQ cmd=MSP2_INAV_MIXER(0x2010) len=0 flags=0x00 ck=OK","data_len":9,"data_hex":"24583C00102000009C"}
{"ts":1770703700.599193,"ts_local":"14:08:20.599","level":"INFO","dir":"GEN","msg":"Built CRSF frame | MSP v2 dir=REQ cmd=MSP2_INAV_MIXER(0x2010) len=0 flags=0x00 ck=OK","data_len":12,"data_hex":"C80A7AC8EC5800102000001D"}
{"ts":1770703700.603034,"ts_local":"14:08:20.603","level":"INFO","dir":"SER->TCP","msg":"CRSF frame | CRSF type=MSP_RESP addr=FC(0xC8) len=19 pl=17 crc=OK","data_len":21,"data_hex":"C8137BECC85A0010200900000001010008000C128C"}
{"ts":1770703700.6031182,"ts_local":"14:08:20.603","level":"INFO","dir":"SER->TCP","msg":"Sent MSP frame (18 bytes) | MSP v2 dir=RESP cmd=MSP2_INAV_MIXER(0x2010) len=9 flags=0x00 ck=OK","data_len":18,"data_hex":"24583E0010200900000001010008000C1279"}
{"ts":1770703700.6091242,"ts_local":"14:08:20.609","level":"INFO","dir":"TCP->SER","msg":"Received 9 bytes from TCP | MSP v2 dir=REQ cmd=MSP2_INAV_MISC(0x2003) len=0 flags=0x00 ck=OK","data_len":9,"data_hex":"24583C0003200000FD"}
{"ts":1770703700.609175,"ts_local":"14:08:20.609","level":"INFO","dir":"GEN","msg":"Built CRSF frame | MSP v2 dir=REQ cmd=MSP2_INAV_MISC(0x2003) len=0 flags=0x00 ck=OK","data_len":12,"data_hex":"C80A7AC8EC590003200000E4"}
{"ts":1770703700.613111,"ts_local":"14:08:20.613","level":"INFO","dir":"SER->TCP","msg":"CRSF frame | CRSF type=MSP_RESP addr=FC(0xC8) len=51 pl=49 crc=OK","data_len":53,"data_hex":"C8337BECC85B0003202900DC050000D007E803E8030000060000004C040000A9014A01A4015E0100000000000000000000000000DF"}
{"ts":1770703700.613193,"ts_local":"14:08:20.613","level":"INFO","dir":"SER->TCP","msg":"Sent MSP frame (50 bytes) | MSP v2 dir=RESP cmd=MSP2_INAV_MISC(0x2003) len=41 flags=0x00 ck=OK","data_len":50,"data_hex":"24583E0003202900DC050000D007E803E8030000060000004C040000A9014A01A4015E010000000000000000000000000060"}
{"ts":1770703700.6182761,"ts_local":"14:08:20.618","level":"INFO","dir":"TCP->SER","msg":"Received 9 bytes from TCP | MSP v2 dir=REQ cmd=MSP2_COMMON_SERIAL_CONFIG(0x1009) len=0 flags=0x00 ck=OK","data_len":9,"data_hex":"24583C00091000000B"}
{"ts":1770703700.618347,"ts_local":"14:08:20.618","level":"INFO","dir":"GEN","msg":"Built CRSF frame | MSP v2 dir=REQ cmd=MSP2_COMMON_SERIAL_CONFIG(0x1009) len=0 flags=0x00 ck=OK","data_len":12,"data_hex":"C80A7AC8EC5A00091000006F"}
{"ts":1770703700.623063,"ts_local":"14:08:20.623","level":"INFO","dir":"SER->TCP","msg":"CRSF frame | CRSF type=MSP_RESP addr=FC(0xC8) len=37 pl=35 crc=OK","data_len":39,"data_hex":"C8257BECC85C0009101B0000010000000808000804400000000808000806400000000808000833"}
{"ts":1770703700.623175,"ts_local":"14:08:20.623","level":"INFO","dir":"SER->TCP","msg":"Sent MSP frame (36 bytes) | MSP v2 dir=RESP cmd=MSP2_COMMON_SERIAL_CONFIG(0x1009) len=27 flags=0x00 ck=OK","data_len":36,"data_hex":"24583E0009101B000001000000080800080440000000080800080640000000080800080A"}
{"ts":1770703705.278632,"ts_local":"14:08:25.278","level":"INFO","dir":"TCP->SER","msg":"Received 9 bytes from TCP | MSP v2 dir=REQ cmd=MSP2_COMMON_SERIAL_CONFIG(0x1009) len=0 flags=0x00 ck=OK","data_len":9,"data_hex":"24583C00091000000B"}
{"ts":1770703705.278762,"ts_local":"14:08:25.278","level":"INFO","dir":"GEN","msg":"Built CRSF frame | MSP v2 dir=REQ cmd=MSP2_COMMON_SERIAL_CONFIG(0x1009) len=0 flags=0x00 ck=OK","data_len":12,"data_hex":"C80A7AC8EC530009100000C9"}
{"ts":1770703705.283139,"ts_local":"14:08:25.283","level":"INFO","dir":"SER->TCP","msg":"CRSF frame | CRSF type=MSP_RESP addr=FC(0xC8) len=37 pl=35 crc=OK","data_len":39,"data_hex":"C8257BECC8550009101B0000010000000808000804400000000808000806400000000808000860"}
{"ts":1770703705.283201,"ts_local":"14:08:25.283","level":"INFO","dir":"SER->TCP","msg":"Sent MSP frame (36 bytes) | MSP v2 dir=RESP cmd=MSP2_COMMON_SERIAL_CONFIG(0x1009) len=27 flags=0x00 ck=OK","data_len":36,"data_hex":"24583E0009101B000001000000080800080440000000080800080640000000080800080A"}
{"ts":1770703708.553047,"ts_local":"14:08:28.553","level":"INFO","dir":"TCP->SER","msg":"Received 36 bytes from TCP | MSP v2 dir=REQ cmd=MSP2_COMMON_SET_SERIAL_CONFIG(0x100A) len=27 flags=0x00 ck=OK","data_len":36,"data_hex":"24583C000A101B0000010000000808000804010000000808000806400000000808000830"}
{"ts":1770703708.553215,"ts_local":"14:08:28.553","level":"INFO","dir":"GEN","msg":"Built CRSF frame | MSP v2 dir=REQ cmd=MSP2_COMMON_SET_SERIAL_CONFIG(0x100A) len=27 flags=0x00 ck=OK","data_len":39,"data_hex":"C8257AC8EC50000A101B000001000000080800080401000000080800080640000000080800084C"}
{"ts":1770703708.558073,"ts_local":"14:08:28.558","level":"INFO","dir":"SER->TCP","msg":"CRSF frame | CRSF type=MSP_RESP addr=FC(0xC8) len=10 pl=8 crc=OK","data_len":12,"data_hex":"C80A7BECC852000A100000BB"}
{"ts":1770703708.558125,"ts_local":"14:08:28.558","level":"INFO","dir":"SER->TCP","msg":"Sent MSP frame (9 bytes) | MSP v2 dir=RESP cmd=MSP2_COMMON_SET_SERIAL_CONFIG(0x100A) len=0 flags=0x00 ck=OK","data_len":9,"data_hex":"24583E000A100000C4"}
{"ts":1770703708.55893,"ts_local":"14:08:28.558","level":"INFO","dir":"TCP->SER","msg":"Received 9 bytes from TCP | MSP v2 dir=REQ cmd=MSP_EEPROM_WRITE(0x00FA) len=0 flags=0x00 ck=OK","data_len":9,"data_hex":"24583C00FA00000066"}
{"ts":1770703708.559008,"ts_local":"14:08:28.559","level":"INFO","dir":"GEN","msg":"Built CRSF frame | MSP v2 dir=REQ cmd=MSP_EEPROM_WRITE(0x00FA) len=0 flags=0x00 ck=OK","data_len":12,"data_hex":"C80A7AC8EC5100FA00000041"}
{"ts":1770703708.852108,"ts_local":"14:08:28.852","level":"INFO","dir":"SER->TCP","msg":"CRSF frame | CRSF type=MSP_RESP addr=FC(0xC8) len=10 pl=8 crc=OK","data_len":12,"data_hex":"C80A7BECC85300FA00000081"}
{"ts":1770703708.852211,"ts_local":"14:08:28.852","level":"INFO","dir":"SER->TCP","msg":"Sent MSP frame (9 bytes) | MSP v2 dir=RESP cmd=MSP_EEPROM_WRITE(0x00FA) len=0 flags=0x00 ck=OK","data_len":9,"data_hex":"24583E00FA00000066"}
{"ts":1770703708.858898,"ts_local":"14:08:28.858","level":"INFO","dir":"TCP->SER","msg":"Received 9 bytes from TCP | MSP v2 dir=REQ cmd=MSP_REBOOT(0x0044) len=0 flags=0x00 ck=OK","data_len":9,"data_hex":"24583C004400000006"}
{"ts":1770703708.858953,"ts_local":"14:08:28.858","level":"INFO","dir":"GEN","msg":"Built CRSF frame | MSP v2 dir=REQ cmd=MSP_REBOOT(0x0044) len=0 flags=0x00 ck=OK","data_len":12,"data_hex":"C80A7AC8EC56004400000043"}
